/data/run01/sczc698/.conda/envs/cheng/lib/python3.10/site-packages/requests/__init__.py:92: RequestsDependencyWarning: Unable to find acceptable character detection dependency (chardet or charset_normalizer).
  warnings.warn(
1k 11 baseline passed
1k 11 mto passed
1k 23 baseline passed
1k 23 mto passed
1k 37 baseline passed
1k 37 mto passed
1k 53 baseline passed
1k 53 mto passed
1k 71 baseline passed
1k 71 mto passed
10k 11 baseline passed
10k 11 mto passed
10k 23 baseline passed
10k 23 mto passed
10k 37 baseline passed
10k 37 mto passed
10k 53 baseline passed
10k 53 mto passed
10k 71 baseline passed
10k 71 mto passed
ALL CHECKS PASSED
