{
  "id": "round07_original_1790899311738424814",
  "registered_at_utc": "2026-10-02T00:01:51.786194+00:00",
  "identity": {
    "pid": 1591761,
    "start_ticks": 1274697650,
    "uid": 1000,
    "cwd": "/home/inspur/MTO-1/research/single_model_20260929/round07_congruence_preparation",
    "argv_sha256": "f779edd0cbb835704e70f89042fc60c5c14e7e115df7bd229bcde98208c443cd",
    "boot_id": "793423dc-86b6-4fb9-9a9d-e74cfa8135a3",
    "process_state": "R"
  },
  "run_dir": "round07_congruence_preparation/runs/original",
  "gpu_uuid": "GPU-b22353bd-fc06-efd3-5819-cfd3e85b3800",
  "status_path": "round07_congruence_preparation/runs/original/status.json",
  "log_path": "round07_congruence_preparation/runs/original/attempts/round07_original_1790899311738424814/train.log",
  "completion_path": "round07_congruence_preparation/runs/original/FIT_COMPLETE.json",
  "failure_path": "round07_congruence_preparation/runs/original/FAILED.json",
  "checkpoint_paths": [
    "round07_congruence_preparation/runs/original/last.pt",
    "round07_congruence_preparation/runs/original/best.pt"
  ],
  "stale_after_seconds": 28800,
  "monitor": true,
  "restart_policy": "coordinator_review_required"
}
