{
  "id": "round07_technical_preflight",
  "registered_at_utc": "2026-10-01T16:22:52.303315+00:00",
  "identity": {
    "pid": 1547487,
    "start_ticks": 1271943701,
    "uid": 1000,
    "cwd": "/home/inspur/MTO-1/research/single_model_20260929/round07_congruence_preparation",
    "argv_sha256": "a44e430d802b12e09c2b33431075f558b5a4a6c31672f8869a9c6aae70c2bb1c",
    "boot_id": "793423dc-86b6-4fb9-9a9d-e74cfa8135a3",
    "process_state": "R"
  },
  "run_dir": "round07_congruence_preparation/ops/gpu_preflight_attempt",
  "gpu_uuid": "GPU-b22353bd-fc06-efd3-5819-cfd3e85b3800",
  "status_path": "round07_congruence_preparation/ops/gpu_preflight_attempt/status.json",
  "log_path": "round07_congruence_preparation/ops/gpu_preflight_attempt/stage.log",
  "completion_path": "round07_congruence_preparation/ops/gpu_preflight_attempt/COMPLETE.json",
  "failure_path": "round07_congruence_preparation/ops/gpu_preflight_attempt/FAILED.json",
  "checkpoint_paths": [],
  "stale_after_seconds": 28800,
  "monitor": true,
  "restart_policy": "coordinator_review_required"
}
