/data/run01/sczc698/.conda/envs/cheng/lib/python3.10/site-packages/requests/__init__.py:92: RequestsDependencyWarning: Unable to find acceptable character detection dependency (chardet or charset_normalizer).
  warnings.warn(
/data/run01/sczc698/.conda/envs/cheng/lib/python3.10/site-packages/requests/__init__.py:92: RequestsDependencyWarning: Unable to find acceptable character detection dependency (chardet or charset_normalizer).
  warnings.warn(
ORACLE {"ids": [20983, 103070, 71681, 69573], "sigma_eV": 0.2, "states": 10, "real": [{"seed": 0, "best_normalized_mse": 0.01569259911775589, "history": [[0, 11.904053688049316], [100, 0.31988418102264404], [200, 0.11757475882768631], [300, 0.06452708691358566], [400, 0.04197493940591812], [500, 0.029655886813998222], [600, 0.023124540224671364], [700, 0.018770087510347366]]}, {"seed": 1, "best_normalized_mse": 0.018939483910799026, "history": [[0, 12.228584289550781], [100, 0.3205065429210663], [200, 0.11855896562337875], [300, 0.06855201721191406], [400, 0.04665837064385414], [500, 0.03474196419119835], [600, 0.027372336015105247], [700, 0.022423788905143738]]}, {"seed": 2, "best_normalized_mse": 0.022442273795604706, "history": [[0, 12.2589750289917], [100, 0.3323584496974945], [200, 0.12582872807979584], [300, 0.07291004806756973], [400, 0.04994845762848854], [500, 0.03786622732877731], [600, 0.030596936121582985], [700, 0.025790538638830185]]}], "synthetic": [{"seed": 0, "best_normalized_mse": 3.9145520592392957e-13, "history": [[0, 0.66721510887146], [100, 0.0005939020193181932], [200, 5.3053176088724285e-05], [300, 4.859926320932573e-06], [400, 3.3485110861875e-07], [500, 1.5260692265428588e-08], [600, 4.3016665229878015e-10], [700, 7.34066713664605e-12], [800, 2.741920406001963e-12], [900, 2.7485422791906355e-12]]}, {"seed": 1, "best_normalized_mse": 3.9019362827602544e-13, "history": [[0, 0.37349340319633484], [100, 0.0005876022623851895], [200, 5.2881026931572706e-05], [300, 4.835975687456084e-06], [400, 3.323721955439396e-07], [500, 1.5089986149519063e-08], [600, 4.19288964659259e-10], [700, 7.648865915643732e-12], [800, 9.309390281223018e-13], [900, 8.932467938059518e-13]]}], "interpretation": "training samples only; best local fit is NOT a global error lower bound; no policy selected"}
INSTRUMENTED MAIN_SMOKE_NOT_FORMAL detanet_original_uv 100 16.669023513793945 16.669023513793945
INSTRUMENTED MAIN_SMOKE_NOT_FORMAL detanet_original_uv 200 5.4134087562561035 5.4134087562561035
INSTRUMENTED MAIN_SMOKE_NOT_FORMAL detanet_original_uv 300 2.4139013290405273 2.4139013290405273
INSTRUMENTED MAIN_SMOKE_NOT_FORMAL detanet_original_uv 400 1.3686460256576538 1.3686460256576538
INSTRUMENTED MAIN_SMOKE_NOT_FORMAL detanet_original_uv 500 0.9592082500457764 0.9592082500457764
INSTRUMENTED MAIN_SMOKE_NOT_FORMAL detanet_original_uv 600 0.7488481402397156 0.7488481402397156
INSTRUMENTED MAIN_SMOKE_NOT_FORMAL detanet_original_uv 700 0.6334226131439209 0.6334226131439209
INSTRUMENTED MAIN_SMOKE_NOT_FORMAL detanet_original_uv 800 0.547440230846405 0.547440230846405
INSTRUMENTED MAIN_SMOKE_NOT_FORMAL detanet_original_uv 900 0.4934769570827484 0.4934769570827484
INSTRUMENTED MAIN_SMOKE_NOT_FORMAL detanet_original_uv 1000 0.4586341977119446 0.4561648666858673
INSTRUMENTED MAIN_SMOKE_NOT_FORMAL detanet_original_uv 1100 0.4115902781486511 0.4115902781486511
INSTRUMENTED MAIN_SMOKE_NOT_FORMAL detanet_original_uv 1200 0.4036586880683899 0.38773438334465027
INSTRUMENTED MAIN_SMOKE_NOT_FORMAL detanet_original_uv 1300 0.3604341447353363 0.3604341447353363
INSTRUMENTED MAIN_SMOKE_NOT_FORMAL detanet_original_uv 1400 0.33815526962280273 0.33815526962280273
INSTRUMENTED MAIN_SMOKE_NOT_FORMAL detanet_original_uv 1500 0.3260740339756012 0.3260740339756012
INSTRUMENTED MAIN_SMOKE_NOT_FORMAL detanet_original_uv 1600 0.3079448938369751 0.3079448938369751
INSTRUMENTED MAIN_SMOKE_NOT_FORMAL detanet_original_uv 1700 0.2939082980155945 0.2939082980155945
INSTRUMENTED MAIN_SMOKE_NOT_FORMAL detanet_original_uv 1800 0.28714293241500854 0.28471750020980835
INSTRUMENTED MAIN_SMOKE_NOT_FORMAL detanet_original_uv 1900 0.27011099457740784 0.27011099457740784
INSTRUMENTED MAIN_SMOKE_NOT_FORMAL detanet_original_uv 2000 0.25962525606155396 0.25962525606155396
INSTRUMENTED MAIN_SMOKE_NOT_FORMAL detanet_mto_planned 100 0.2423764318227768 0.2294899970293045
INSTRUMENTED MAIN_SMOKE_NOT_FORMAL detanet_mto_planned 170 0.07572288066148758 0.07572288066148758
INSTRUMENTED MAIN_SMOKE_NOT_FORMAL detanet_mto_global_gate 100 0.21621011197566986 0.21621011197566986
INSTRUMENTED MAIN_SMOKE_NOT_FORMAL detanet_mto_global_gate 160 0.07499337941408157 0.07499337941408157
INSTRUMENTED DIAGNOSTIC_ONLY D0 700 0.6333886981010437 0.6333886981010437
INSTRUMENTED DIAGNOSTIC_ONLY D0 800 0.5456023216247559 0.5456023216247559
INSTRUMENTED DIAGNOSTIC_ONLY D0 900 0.49551305174827576 0.49551305174827576
INSTRUMENTED DIAGNOSTIC_ONLY D1 700 0.607041597366333 0.607041597366333
INSTRUMENTED DIAGNOSTIC_ONLY D1 800 0.5216143131256104 0.5216143131256104
INSTRUMENTED DIAGNOSTIC_ONLY D1 900 0.6341949701309204 0.459590345621109
INSTRUMENTED DIAGNOSTIC_ONLY D2 700 0.9609405994415283 0.7488482594490051
INSTRUMENTED DIAGNOSTIC_ONLY D2 800 0.5606023669242859 0.5606023669242859
INSTRUMENTED DIAGNOSTIC_ONLY D2 900 0.4282788932323456 0.4282788932323456
DIAGNOSTICS_COMPLETE /data/run01/sczc698/xxy/MTO/experiments/detanet_original_mto_1k_20260920/reports/instrumented_v2_1299173 MAIN_SMOKE_PASSED False
CHECK_FAILED smoke Traceback (most recent call last):
  File "/data/run01/sczc698/xxy/MTO/experiments/detanet_original_mto_1k_20260920/preflight.py", line 186, in main
    try:fn()
  File "/data/run01/sczc698/xxy/MTO/experiments/detanet_original_mto_1k_20260920/preflight.py", line 185, in <lambda>
    ('smoke',lambda:smoke(cfg,data,info,'cuda'))]:
  File "/data/run01/sczc698/xxy/MTO/experiments/detanet_original_mto_1k_20260920/preflight.py", line 171, in smoke
    return run(cfg,data,info,device)
  File "/data/run01/sczc698/xxy/MTO/experiments/detanet_original_mto_1k_20260920/smoke_diagnostics.py", line 426, in run
    assert summary['main_smoke_passed'],'Instrumented v2 main smoke failed; DIAGNOSTIC_ONLY successes do not authorize formal training'
AssertionError: Instrumented v2 main smoke failed; DIAGNOSTIC_ONLY successes do not authorize formal training

Traceback (most recent call last):
  File "/data/run01/sczc698/xxy/MTO/experiments/detanet_original_mto_1k_20260920/preflight.py", line 197, in <module>
    try:main()
  File "/data/run01/sczc698/xxy/MTO/experiments/detanet_original_mto_1k_20260920/preflight.py", line 191, in main
    assert not failures,'Formal training blocked by '+','.join(failures)
AssertionError: Formal training blocked by smoke
