/data/run01/sczc698/.conda/envs/cheng/lib/python3.10/site-packages/requests/__init__.py:92: RequestsDependencyWarning: Unable to find acceptable character detection dependency (chardet or charset_normalizer).
  warnings.warn(
/data/run01/sczc698/.conda/envs/cheng/lib/python3.10/site-packages/requests/__init__.py:92: RequestsDependencyWarning: Unable to find acceptable character detection dependency (chardet or charset_normalizer).
  warnings.warn(
ORACLE {"ids": [20983, 103070, 71681, 69573], "sigma_eV": 0.2, "states": 10, "real": [{"seed": 0, "best_normalized_mse": 0.01569259911775589, "history": [[0, 11.904053688049316], [100, 0.31988418102264404], [200, 0.11757475882768631], [300, 0.06452708691358566], [400, 0.04197493940591812], [500, 0.029655886813998222], [600, 0.023124540224671364], [700, 0.018770087510347366]]}, {"seed": 1, "best_normalized_mse": 0.018939483910799026, "history": [[0, 12.228584289550781], [100, 0.3205065429210663], [200, 0.11855896562337875], [300, 0.06855201721191406], [400, 0.04665837064385414], [500, 0.03474196419119835], [600, 0.027372336015105247], [700, 0.022423788905143738]]}, {"seed": 2, "best_normalized_mse": 0.022442273795604706, "history": [[0, 12.2589750289917], [100, 0.3323584496974945], [200, 0.12582872807979584], [300, 0.07291004806756973], [400, 0.04994845762848854], [500, 0.03786622732877731], [600, 0.030596936121582985], [700, 0.025790538638830185]]}], "synthetic": [{"seed": 0, "best_normalized_mse": 3.9145520592392957e-13, "history": [[0, 0.66721510887146], [100, 0.0005939020193181932], [200, 5.3053176088724285e-05], [300, 4.859926320932573e-06], [400, 3.3485110861875e-07], [500, 1.5260692265428588e-08], [600, 4.3016665229878015e-10], [700, 7.34066713664605e-12], [800, 2.741920406001963e-12], [900, 2.7485422791906355e-12]]}, {"seed": 1, "best_normalized_mse": 3.9019362827602544e-13, "history": [[0, 0.37349340319633484], [100, 0.0005876022623851895], [200, 5.2881026931572706e-05], [300, 4.835975687456084e-06], [400, 3.323721955439396e-07], [500, 1.5089986149519063e-08], [600, 4.19288964659259e-10], [700, 7.648865915643732e-12], [800, 9.309390281223018e-13], [900, 8.932467938059518e-13]]}], "interpretation": "training samples only; best local fit is NOT a global error lower bound; no policy selected"}
SMOKE detanet_original_uv 10 1032.145263671875 1032.145263671875
SMOKE detanet_original_uv 20 338.261474609375 338.261474609375
SMOKE detanet_original_uv 30 131.98753356933594 131.98753356933594
SMOKE detanet_original_uv 40 77.77425384521484 77.77425384521484
SMOKE detanet_original_uv 50 49.40188217163086 49.40188217163086
SMOKE detanet_original_uv 60 35.10984420776367 35.10984420776367
SMOKE detanet_original_uv 70 28.08243179321289 28.08243179321289
SMOKE detanet_original_uv 80 23.064002990722656 23.064002990722656
SMOKE detanet_original_uv 90 19.463977813720703 19.463977813720703
SMOKE detanet_original_uv 100 16.669023513793945 16.669023513793945
SMOKE detanet_original_uv 110 14.44037914276123 14.44037914276123
SMOKE detanet_original_uv 120 12.631905555725098 12.631905555725098
SMOKE detanet_original_uv 130 11.146746635437012 11.146746635437012
SMOKE detanet_original_uv 140 9.915369033813477 9.915369033813477
SMOKE detanet_original_uv 150 8.881903648376465 8.881903648376465
SMOKE detanet_original_uv 160 7.9963178634643555 7.9963178634643555
SMOKE detanet_original_uv 170 7.228145599365234 7.228145599365234
SMOKE detanet_original_uv 180 6.540859222412109 6.540859222412109
SMOKE detanet_original_uv 190 5.941451549530029 5.941451549530029
SMOKE detanet_original_uv 200 5.413409233093262 5.413409233093262
SMOKE detanet_original_uv 210 4.943970680236816 4.943970680236816
SMOKE detanet_original_uv 220 4.517305850982666 4.517305850982666
SMOKE detanet_original_uv 230 4.138635158538818 4.138635158538818
SMOKE detanet_original_uv 240 3.782512664794922 3.782512664794922
SMOKE detanet_original_uv 250 3.4669947624206543 3.4669947624206543
SMOKE detanet_original_uv 260 3.216299533843994 3.216299533843994
SMOKE detanet_original_uv 270 2.970417022705078 2.970417022705078
SMOKE detanet_original_uv 280 2.758063554763794 2.758063554763794
SMOKE detanet_original_uv 290 2.5897796154022217 2.5897796154022217
SMOKE detanet_original_uv 300 2.4188387393951416 2.4188387393951416
SMOKE detanet_original_uv 310 2.264967918395996 2.264967918395996
SMOKE detanet_original_uv 320 2.1309421062469482 2.1309421062469482
SMOKE detanet_original_uv 330 2.0038352012634277 2.0038352012634277
SMOKE detanet_original_uv 340 1.88155996799469 1.88155996799469
SMOKE detanet_original_uv 350 1.7839622497558594 1.7839622497558594
SMOKE detanet_original_uv 360 1.6815482378005981 1.6815482378005981
SMOKE detanet_original_uv 370 1.598812222480774 1.598812222480774
SMOKE detanet_original_uv 380 1.51697838306427 1.51697838306427
SMOKE detanet_original_uv 390 1.4420708417892456 1.4420708417892456
SMOKE detanet_original_uv 400 1.373471736907959 1.373471736907959
SMOKE detanet_original_uv 410 1.3547192811965942 1.3547192811965942
SMOKE detanet_original_uv 420 1.2719714641571045 1.2719714641571045
SMOKE detanet_original_uv 430 1.2110880613327026 1.2110880613327026
SMOKE detanet_original_uv 440 1.1713789701461792 1.1713789701461792
SMOKE detanet_original_uv 450 1.1291660070419312 1.1291660070419312
SMOKE detanet_original_uv 460 1.0881032943725586 1.0881032943725586
SMOKE detanet_original_uv 470 1.0621856451034546 1.0621856451034546
SMOKE detanet_original_uv 480 1.0192006826400757 1.0192006826400757
SMOKE detanet_original_uv 490 0.9883086681365967 0.9883086681365967
SMOKE detanet_original_uv 500 0.958294153213501 0.958294153213501
SMOKE detanet_original_uv 510 0.9638888835906982 0.958294153213501
SMOKE detanet_original_uv 520 0.9104710221290588 0.9104710221290588
SMOKE detanet_original_uv 530 0.8818761110305786 0.8818761110305786
SMOKE detanet_original_uv 540 0.8579974174499512 0.8579974174499512
SMOKE detanet_original_uv 550 0.836134135723114 0.836134135723114
SMOKE detanet_original_uv 560 0.81517493724823 0.81517493724823
SMOKE detanet_original_uv 570 0.8131169676780701 0.8131169676780701
SMOKE detanet_original_uv 580 0.8175013661384583 0.8131169676780701
SMOKE detanet_original_uv 590 0.7784217596054077 0.7784217596054077
SMOKE detanet_original_uv 600 0.748221218585968 0.748221218585968
SMOKE detanet_mto_planned 10 0.7091829180717468 0.7091829180717468
SMOKE detanet_mto_planned 20 0.594010591506958 0.594010591506958
SMOKE detanet_mto_planned 30 0.48388567566871643 0.48388567566871643
SMOKE detanet_mto_planned 40 0.4448462426662445 0.4448462426662445
SMOKE detanet_mto_planned 50 0.3727538585662842 0.3727538585662842
SMOKE detanet_mto_planned 60 0.33293572068214417 0.33293572068214417
SMOKE detanet_mto_planned 70 0.2951873242855072 0.2951873242855072
SMOKE detanet_mto_planned 80 0.2554565966129303 0.2554565966129303
SMOKE detanet_mto_planned 90 0.2141808420419693 0.2141808420419693
SMOKE detanet_mto_planned 100 0.21944861114025116 0.2141808420419693
SMOKE detanet_mto_planned 110 0.18303696811199188 0.18303696811199188
SMOKE detanet_mto_planned 120 0.16582553088665009 0.16582553088665009
SMOKE detanet_mto_planned 130 0.16951781511306763 0.16582553088665009
SMOKE detanet_mto_planned 140 0.14727957546710968 0.14727957546710968
SMOKE detanet_mto_planned 150 0.11393828690052032 0.11393828690052032
SMOKE detanet_mto_planned 160 0.09680313616991043 0.09680313616991043
SMOKE detanet_mto_global_gate 10 0.7086429595947266 0.7086429595947266
SMOKE detanet_mto_global_gate 20 0.5581666827201843 0.5581666827201843
SMOKE detanet_mto_global_gate 30 0.4585241377353668 0.4585241377353668
SMOKE detanet_mto_global_gate 40 0.4712962806224823 0.4585241377353668
SMOKE detanet_mto_global_gate 50 0.40173059701919556 0.40173059701919556
SMOKE detanet_mto_global_gate 60 0.33869802951812744 0.33869802951812744
SMOKE detanet_mto_global_gate 70 0.2962769567966461 0.2962769567966461
SMOKE detanet_mto_global_gate 80 0.2821959853172302 0.2821959853172302
SMOKE detanet_mto_global_gate 90 0.3024173378944397 0.2821959853172302
SMOKE detanet_mto_global_gate 100 0.24028617143630981 0.24028617143630981
SMOKE detanet_mto_global_gate 110 0.18873204290866852 0.18873204290866852
SMOKE detanet_mto_global_gate 120 0.1678282767534256 0.1678282767534256
SMOKE detanet_mto_global_gate 130 0.14689424633979797 0.14689424633979797
SMOKE detanet_mto_global_gate 140 0.1427362859249115 0.1427362859249115
SMOKE detanet_mto_global_gate 150 0.11035842448472977 0.11035842448472977
SMOKE detanet_mto_global_gate 160 0.08174742758274078 0.08174742758274078
CHECK_FAILED smoke Traceback (most recent call last):
  File "/data/run01/sczc698/xxy/MTO/experiments/detanet_original_mto_1k_20260920/preflight.py", line 214, in main
    try:fn()
  File "/data/run01/sczc698/xxy/MTO/experiments/detanet_original_mto_1k_20260920/preflight.py", line 213, in <lambda>
    ('smoke',lambda:smoke(cfg,data,info,'cuda'))]:
  File "/data/run01/sczc698/xxy/MTO/experiments/detanet_original_mto_1k_20260920/preflight.py", line 199, in smoke
    assert all(v['passed'] for v in results.values()),'32-molecule smoke gate failed; formal training forbidden'
AssertionError: 32-molecule smoke gate failed; formal training forbidden

Traceback (most recent call last):
  File "/data/run01/sczc698/xxy/MTO/experiments/detanet_original_mto_1k_20260920/preflight.py", line 225, in <module>
    try:main()
  File "/data/run01/sczc698/xxy/MTO/experiments/detanet_original_mto_1k_20260920/preflight.py", line 219, in main
    assert not failures,'Formal training blocked by '+','.join(failures)
AssertionError: Formal training blocked by smoke
