{
  "id": "round08_technical_preflight",
  "registered_at_utc": "2026-10-02T16:44:01.341924+00:00",
  "identity": {
    "pid": 1649927,
    "start_ticks": 1280710605,
    "uid": 1000,
    "cwd": "/home/inspur/MTO-1/research/single_model_20260929/round08_transport_preparation",
    "argv_sha256": "b8b6d26aafeeab9aa24b3fe8f8324d4fb3865a610516c4e02321bbadf1a36736",
    "boot_id": "793423dc-86b6-4fb9-9a9d-e74cfa8135a3",
    "process_state": "S"
  },
  "run_dir": "round08_transport_preparation/ops/gpu_preflight_attempt",
  "gpu_uuid": "GPU-b22353bd-fc06-efd3-5819-cfd3e85b3800",
  "status_path": "round08_transport_preparation/ops/gpu_preflight_attempt/status.json",
  "log_path": "round08_transport_preparation/ops/gpu_preflight_attempt/stage.log",
  "completion_path": "round08_transport_preparation/ops/gpu_preflight_attempt/COMPLETE.json",
  "failure_path": "round08_transport_preparation/ops/gpu_preflight_attempt/FAILED.json",
  "checkpoint_paths": [],
  "stale_after_seconds": 28800,
  "monitor": true,
  "restart_policy": "coordinator_review_required"
}
