{
  "id": "round08_original_1790985764112190750",
  "registered_at_utc": "2026-10-03T00:02:44.160100+00:00",
  "identity": {
    "pid": 1673191,
    "start_ticks": 1283342887,
    "uid": 1000,
    "cwd": "/home/inspur/MTO-1/research/single_model_20260929/round08_transport_preparation",
    "argv_sha256": "cc1037374d8440ed6721844c29ee48ca1313571c69fda6abe3789cd2650180e4",
    "boot_id": "793423dc-86b6-4fb9-9a9d-e74cfa8135a3",
    "process_state": "S"
  },
  "run_dir": "round08_transport_preparation/runs/original",
  "gpu_uuid": "GPU-b22353bd-fc06-efd3-5819-cfd3e85b3800",
  "status_path": "round08_transport_preparation/runs/original/status.json",
  "log_path": "round08_transport_preparation/runs/original/attempts/round08_original_1790985764112190750/train.log",
  "completion_path": "round08_transport_preparation/runs/original/FIT_COMPLETE.json",
  "failure_path": "round08_transport_preparation/runs/original/FAILED.json",
  "checkpoint_paths": [
    "round08_transport_preparation/runs/original/last.pt",
    "round08_transport_preparation/runs/original/best.pt"
  ],
  "stale_after_seconds": 28800,
  "monitor": true,
  "restart_policy": "coordinator_review_required"
}
