{
  "id": "round05_both_1790771317058319159",
  "registered_at_utc": "2026-09-30T12:28:37.105222+00:00",
  "identity": {
    "pid": 1328608,
    "start_ticks": 1261898182,
    "uid": 1000,
    "cwd": "/home/inspur/MTO-1/research/single_model_20260929/round05_scratch_preparation",
    "argv_sha256": "e3e705f7b58b30d14e5163b7abb37196da4273625e9478c76275fde162c2ccb2",
    "boot_id": "793423dc-86b6-4fb9-9a9d-e74cfa8135a3",
    "process_state": "R"
  },
  "run_dir": "round05_scratch_preparation/runs/both",
  "gpu_uuid": "GPU-2431a641-8045-a10b-4aa0-2769010e0708",
  "status_path": "round05_scratch_preparation/runs/both/status.json",
  "log_path": "round05_scratch_preparation/runs/both/attempts/round05_both_1790771317058319159/train.log",
  "completion_path": "round05_scratch_preparation/runs/both/FIT_COMPLETE.json",
  "failure_path": "round05_scratch_preparation/runs/both/FAILED.json",
  "checkpoint_paths": [
    "round05_scratch_preparation/runs/both/last.pt",
    "round05_scratch_preparation/runs/both/best.pt"
  ],
  "stale_after_seconds": 28800,
  "monitor": true,
  "restart_policy": "coordinator_review_required"
}
