{
  "id": "round07_tensor_1790899312200172164",
  "registered_at_utc": "2026-10-02T00:01:52.248648+00:00",
  "identity": {
    "pid": 1591771,
    "start_ticks": 1274697696,
    "uid": 1000,
    "cwd": "/home/inspur/MTO-1/research/single_model_20260929/round07_congruence_preparation",
    "argv_sha256": "b10f613f0355bfbca09d84070cdcc6cfd36937bafe443b74a7eaeb3392116caa",
    "boot_id": "793423dc-86b6-4fb9-9a9d-e74cfa8135a3",
    "process_state": "R"
  },
  "run_dir": "round07_congruence_preparation/runs/tensor",
  "gpu_uuid": "GPU-e212aefc-f1d6-cc7a-5594-e87abeaf1184",
  "status_path": "round07_congruence_preparation/runs/tensor/status.json",
  "log_path": "round07_congruence_preparation/runs/tensor/attempts/round07_tensor_1790899312200172164/train.log",
  "completion_path": "round07_congruence_preparation/runs/tensor/FIT_COMPLETE.json",
  "failure_path": "round07_congruence_preparation/runs/tensor/FAILED.json",
  "checkpoint_paths": [
    "round07_congruence_preparation/runs/tensor/last.pt",
    "round07_congruence_preparation/runs/tensor/best.pt"
  ],
  "stale_after_seconds": 28800,
  "monitor": true,
  "restart_policy": "coordinator_review_required"
}
