{
  "id": "round05_decorrelation_1790771316835845292",
  "registered_at_utc": "2026-09-30T12:28:36.884037+00:00",
  "identity": {
    "pid": 1328603,
    "start_ticks": 1261898159,
    "uid": 1000,
    "cwd": "/home/inspur/MTO-1/research/single_model_20260929/round05_scratch_preparation",
    "argv_sha256": "f0092ee7ecdb164c6cab99c1d882fd099878aa4f9e13c032afd172c3db81908c",
    "boot_id": "793423dc-86b6-4fb9-9a9d-e74cfa8135a3",
    "process_state": "R"
  },
  "run_dir": "round05_scratch_preparation/runs/decorrelation",
  "gpu_uuid": "GPU-e212aefc-f1d6-cc7a-5594-e87abeaf1184",
  "status_path": "round05_scratch_preparation/runs/decorrelation/status.json",
  "log_path": "round05_scratch_preparation/runs/decorrelation/attempts/round05_decorrelation_1790771316835845292/train.log",
  "completion_path": "round05_scratch_preparation/runs/decorrelation/FIT_COMPLETE.json",
  "failure_path": "round05_scratch_preparation/runs/decorrelation/FAILED.json",
  "checkpoint_paths": [
    "round05_scratch_preparation/runs/decorrelation/last.pt",
    "round05_scratch_preparation/runs/decorrelation/best.pt"
  ],
  "stale_after_seconds": 28800,
  "monitor": true,
  "restart_policy": "coordinator_review_required"
}
