{
  "id": "round06_technical_preflight",
  "registered_at_utc": "2026-09-30T20:14:55.639829+00:00",
  "identity": {
    "pid": 1391707,
    "start_ticks": 1264696035,
    "uid": 1000,
    "cwd": "/home/inspur/MTO-1/research/single_model_20260929/round06_objective_preparation",
    "argv_sha256": "c60c3f09965826f15d3288de747ca255765c316a8ccd8f2418071d496c90f38a",
    "boot_id": "793423dc-86b6-4fb9-9a9d-e74cfa8135a3",
    "process_state": "R"
  },
  "run_dir": "round06_objective_preparation/ops/gpu_preflight_attempt",
  "gpu_uuid": "GPU-b22353bd-fc06-efd3-5819-cfd3e85b3800",
  "status_path": "round06_objective_preparation/ops/gpu_preflight_attempt/status.json",
  "log_path": "round06_objective_preparation/ops/gpu_preflight_attempt/stage.log",
  "completion_path": "round06_objective_preparation/ops/gpu_preflight_attempt/COMPLETE.json",
  "failure_path": "round06_objective_preparation/ops/gpu_preflight_attempt/FAILED.json",
  "checkpoint_paths": [],
  "stale_after_seconds": 28800,
  "monitor": true,
  "restart_policy": "coordinator_review_required"
}
