{
  "id": "round08_local_1790985764344209683",
  "registered_at_utc": "2026-10-03T00:02:44.391903+00:00",
  "identity": {
    "pid": 1673196,
    "start_ticks": 1283342910,
    "uid": 1000,
    "cwd": "/home/inspur/MTO-1/research/single_model_20260929/round08_transport_preparation",
    "argv_sha256": "56f7da523bbc9f833a1f6f7cc0f083ea1a2d5ea6f4a608617584a4f307b07957",
    "boot_id": "793423dc-86b6-4fb9-9a9d-e74cfa8135a3",
    "process_state": "S"
  },
  "run_dir": "round08_transport_preparation/runs/local",
  "gpu_uuid": "GPU-cb4dc1ea-9ea3-e426-bdeb-df0bef8a23fa",
  "status_path": "round08_transport_preparation/runs/local/status.json",
  "log_path": "round08_transport_preparation/runs/local/attempts/round08_local_1790985764344209683/train.log",
  "completion_path": "round08_transport_preparation/runs/local/FIT_COMPLETE.json",
  "failure_path": "round08_transport_preparation/runs/local/FAILED.json",
  "checkpoint_paths": [
    "round08_transport_preparation/runs/local/last.pt",
    "round08_transport_preparation/runs/local/best.pt"
  ],
  "stale_after_seconds": 28800,
  "monitor": true,
  "restart_policy": "coordinator_review_required"
}
