/data/run01/sczc698/.conda/envs/cheng/lib/python3.10/site-packages/requests/__init__.py:92: RequestsDependencyWarning: Unable to find acceptable character detection dependency (chardet or charset_normalizer).
  warnings.warn(
/data/run01/sczc698/.conda/envs/cheng/lib/python3.10/site-packages/requests/__init__.py:92: RequestsDependencyWarning: Unable to find acceptable character detection dependency (chardet or charset_normalizer).
  warnings.warn(
ORACLE {"ids": [20983, 103070, 71681, 69573], "sigma_eV": 0.2, "states": 10, "real": [{"seed": 0, "best_normalized_mse": 0.01569259911775589, "history": [[0, 11.904053688049316], [100, 0.31988418102264404], [200, 0.11757475882768631], [300, 0.06452708691358566], [400, 0.04197493940591812], [500, 0.029655886813998222], [600, 0.023124540224671364], [700, 0.018770087510347366]]}, {"seed": 1, "best_normalized_mse": 0.018939483910799026, "history": [[0, 12.228584289550781], [100, 0.3205065429210663], [200, 0.11855896562337875], [300, 0.06855201721191406], [400, 0.04665837064385414], [500, 0.03474196419119835], [600, 0.027372336015105247], [700, 0.022423788905143738]]}, {"seed": 2, "best_normalized_mse": 0.022442273795604706, "history": [[0, 12.2589750289917], [100, 0.3323584496974945], [200, 0.12582872807979584], [300, 0.07291004806756973], [400, 0.04994845762848854], [500, 0.03786622732877731], [600, 0.030596936121582985], [700, 0.025790538638830185]]}], "synthetic": [{"seed": 0, "best_normalized_mse": 3.9145520592392957e-13, "history": [[0, 0.66721510887146], [100, 0.0005939020193181932], [200, 5.3053176088724285e-05], [300, 4.859926320932573e-06], [400, 3.3485110861875e-07], [500, 1.5260692265428588e-08], [600, 4.3016665229878015e-10], [700, 7.34066713664605e-12], [800, 2.741920406001963e-12], [900, 2.7485422791906355e-12]]}, {"seed": 1, "best_normalized_mse": 3.9019362827602544e-13, "history": [[0, 0.37349340319633484], [100, 0.0005876022623851895], [200, 5.2881026931572706e-05], [300, 4.835975687456084e-06], [400, 3.323721955439396e-07], [500, 1.5089986149519063e-08], [600, 4.19288964659259e-10], [700, 7.648865915643732e-12], [800, 9.309390281223018e-13], [900, 8.932467938059518e-13]]}], "interpretation": "training samples only; best local fit is NOT a global error lower bound; no policy selected"}
SMOKE detanet_original_uv 10 1032.145263671875 1032.145263671875
SMOKE detanet_original_uv 20 338.2614440917969 338.2614440917969
SMOKE detanet_original_uv 30 131.98753356933594 131.98753356933594
SMOKE detanet_original_uv 40 77.7742691040039 77.7742691040039
SMOKE detanet_original_uv 50 49.40187454223633 49.40187454223633
SMOKE detanet_original_uv 60 35.10984802246094 35.10984802246094
SMOKE detanet_original_uv 70 28.082433700561523 28.082433700561523
SMOKE detanet_original_uv 80 23.06400489807129 23.06400489807129
SMOKE detanet_original_uv 90 19.463977813720703 19.463977813720703
SMOKE detanet_original_uv 100 16.669025421142578 16.669025421142578
SMOKE detanet_original_uv 110 14.440378189086914 14.440378189086914
SMOKE detanet_original_uv 120 12.631905555725098 12.631905555725098
SMOKE detanet_original_uv 130 11.146746635437012 11.146746635437012
SMOKE detanet_original_uv 140 9.915369033813477 9.915369033813477
SMOKE detanet_original_uv 150 8.881903648376465 8.881903648376465
SMOKE detanet_original_uv 160 7.996317386627197 7.996317386627197
SMOKE detanet_original_uv 170 7.228144645690918 7.228144645690918
SMOKE detanet_original_uv 180 6.540859222412109 6.540859222412109
SMOKE detanet_original_uv 190 5.941448211669922 5.941448211669922
SMOKE detanet_original_uv 200 5.413410663604736 5.413410663604736
SMOKE detanet_original_uv 210 4.943943977355957 4.943943977355957
SMOKE detanet_original_uv 220 4.5175042152404785 4.5175042152404785
SMOKE detanet_original_uv 230 4.139388561248779 4.139388561248779
SMOKE detanet_original_uv 240 3.78289532661438 3.78289532661438
SMOKE detanet_original_uv 250 3.469696283340454 3.469696283340454
SMOKE detanet_original_uv 260 3.194546937942505 3.194546937942505
SMOKE detanet_original_uv 270 2.958711862564087 2.958711862564087
SMOKE detanet_original_uv 280 2.751373291015625 2.751373291015625
SMOKE detanet_original_uv 290 2.565410852432251 2.565410852432251
SMOKE detanet_original_uv 300 2.39255690574646 2.39255690574646
SMOKE detanet_original_uv 310 2.2540977001190186 2.2540977001190186
SMOKE detanet_original_uv 320 2.1304938793182373 2.1304938793182373
SMOKE detanet_original_uv 330 1.990350365638733 1.990350365638733
SMOKE detanet_original_uv 340 1.870031476020813 1.870031476020813
SMOKE detanet_original_uv 350 1.8267507553100586 1.8267507553100586
SMOKE detanet_original_uv 360 1.7087916135787964 1.7087916135787964
SMOKE detanet_original_uv 370 1.6065857410430908 1.6065857410430908
SMOKE detanet_original_uv 380 1.5152181386947632 1.5152181386947632
SMOKE detanet_original_uv 390 1.439154863357544 1.439154863357544
SMOKE detanet_original_uv 400 1.3723938465118408 1.3723938465118408
SMOKE detanet_original_uv 410 1.3142409324645996 1.3142409324645996
SMOKE detanet_original_uv 420 1.3219548463821411 1.3142409324645996
SMOKE detanet_original_uv 430 1.2340338230133057 1.2340338230133057
SMOKE detanet_original_uv 440 1.1726882457733154 1.1726882457733154
SMOKE detanet_original_uv 450 1.1226146221160889 1.1226146221160889
SMOKE detanet_original_uv 460 1.111525058746338 1.111525058746338
SMOKE detanet_original_uv 470 1.0513042211532593 1.0513042211532593
SMOKE detanet_original_uv 480 1.0172274112701416 1.0172274112701416
SMOKE detanet_original_uv 490 0.9856299161911011 0.9856299161911011
SMOKE detanet_original_uv 500 0.9559349417686462 0.9559349417686462
SMOKE detanet_original_uv 510 0.9431195855140686 0.9431195855140686
SMOKE detanet_original_uv 520 0.9310674667358398 0.9310674667358398
SMOKE detanet_original_uv 530 0.8865002393722534 0.8865002393722534
SMOKE detanet_original_uv 540 0.8601667284965515 0.8601667284965515
SMOKE detanet_original_uv 550 0.8361895680427551 0.8361895680427551
SMOKE detanet_original_uv 560 0.815825343132019 0.815825343132019
SMOKE detanet_original_uv 570 0.8199402689933777 0.815825343132019
SMOKE detanet_original_uv 580 0.7942609786987305 0.7942609786987305
SMOKE detanet_original_uv 590 0.7671381831169128 0.7671381831169128
SMOKE detanet_original_uv 600 0.7509623169898987 0.7509623169898987
SMOKE detanet_original_uv 610 0.7416088581085205 0.7416088581085205
SMOKE detanet_original_uv 620 0.7450107932090759 0.7416088581085205
SMOKE detanet_original_uv 630 0.7106178402900696 0.7106178402900696
SMOKE detanet_original_uv 640 0.6915186643600464 0.6915186643600464
SMOKE detanet_original_uv 650 0.7115650773048401 0.6915186643600464
SMOKE detanet_original_uv 660 0.6996854543685913 0.6915186643600464
SMOKE detanet_original_uv 670 0.6635574698448181 0.6635574698448181
SMOKE detanet_original_uv 680 0.6545601487159729 0.6545601487159729
SMOKE detanet_original_uv 690 0.6382048726081848 0.6382048726081848
SMOKE detanet_original_uv 700 0.6255323886871338 0.6255323886871338
SMOKE detanet_original_uv 710 0.6151238083839417 0.6151238083839417
SMOKE detanet_original_uv 720 0.6104055047035217 0.6104055047035217
SMOKE detanet_original_uv 730 0.6014752984046936 0.6014752984046936
SMOKE detanet_original_uv 740 0.5996444821357727 0.5996444821357727
SMOKE detanet_original_uv 750 0.5811746120452881 0.5811746120452881
SMOKE detanet_original_uv 760 0.5865529775619507 0.5811746120452881
SMOKE detanet_original_uv 770 0.640570342540741 0.5811746120452881
SMOKE detanet_original_uv 780 0.5719355344772339 0.5719355344772339
SMOKE detanet_original_uv 790 0.5555462837219238 0.5555462837219238
SMOKE detanet_original_uv 800 0.5463710427284241 0.5463710427284241
SMOKE detanet_original_uv 810 0.537735641002655 0.537735641002655
SMOKE detanet_original_uv 820 0.5318599343299866 0.5318599343299866
SMOKE detanet_original_uv 830 0.6065465807914734 0.5318599343299866
SMOKE detanet_original_uv 840 0.5443844795227051 0.5318599343299866
SMOKE detanet_original_uv 850 0.5213984251022339 0.5213984251022339
SMOKE detanet_original_uv 860 0.5087164044380188 0.5087164044380188
SMOKE detanet_original_uv 870 0.5015295743942261 0.5015295743942261
SMOKE detanet_original_uv 880 0.5582259297370911 0.5015295743942261
SMOKE detanet_original_uv 890 0.4950868785381317 0.4950868785381317
SMOKE detanet_original_uv 900 0.4946897029876709 0.4946897029876709
SMOKE detanet_original_uv 910 0.48231011629104614 0.48231011629104614
SMOKE detanet_original_uv 920 0.4756941795349121 0.4756941795349121
SMOKE detanet_original_uv 930 0.484676331281662 0.4756941795349121
SMOKE detanet_original_uv 940 0.5550717115402222 0.4756941795349121
SMOKE detanet_original_uv 950 0.4879096746444702 0.4756941795349121
SMOKE detanet_original_uv 960 0.464771032333374 0.464771032333374
SMOKE detanet_original_uv 970 0.4571734070777893 0.4571734070777893
SMOKE detanet_original_uv 980 0.45124053955078125 0.45124053955078125
SMOKE detanet_original_uv 990 0.44614487886428833 0.44614487886428833
SMOKE detanet_original_uv 1000 0.44167640805244446 0.44167640805244446
SMOKE detanet_original_uv 1010 0.4375765025615692 0.4375765025615692
SMOKE detanet_original_uv 1020 0.43396762013435364 0.43396762013435364
SMOKE detanet_original_uv 1030 0.5099954009056091 0.43396762013435364
SMOKE detanet_original_uv 1040 0.4478421211242676 0.43396762013435364
SMOKE detanet_original_uv 1050 0.4419088661670685 0.43396762013435364
SMOKE detanet_original_uv 1060 0.4296709895133972 0.4296709895133972
SMOKE detanet_original_uv 1070 0.4183344841003418 0.4183344841003418
SMOKE detanet_original_uv 1080 0.4143381416797638 0.4143381416797638
SMOKE detanet_original_uv 1090 0.4109308421611786 0.4109308421611786
SMOKE detanet_original_uv 1100 0.4095621705055237 0.4095621705055237
SMOKE detanet_original_uv 1110 0.4575228989124298 0.4095621705055237
SMOKE detanet_original_uv 1120 0.4331398606300354 0.4095621705055237
SMOKE detanet_original_uv 1130 0.4069746732711792 0.4069746732711792
SMOKE detanet_original_uv 1140 0.3966515362262726 0.3966515362262726
SMOKE detanet_original_uv 1150 0.39528658986091614 0.39528658986091614
SMOKE detanet_original_uv 1160 0.39097991585731506 0.39097991585731506
SMOKE detanet_original_uv 1170 0.392909437417984 0.39097991585731506
SMOKE detanet_original_uv 1180 0.3989506661891937 0.39097991585731506
SMOKE detanet_original_uv 1190 0.3965020775794983 0.39097991585731506
SMOKE detanet_original_uv 1200 0.38544291257858276 0.38544291257858276
SMOKE detanet_original_uv 1210 0.3810930550098419 0.3810930550098419
SMOKE detanet_original_uv 1220 0.3763082027435303 0.3763082027435303
SMOKE detanet_original_uv 1230 0.3733564019203186 0.3733564019203186
SMOKE detanet_original_uv 1240 0.3725266754627228 0.3725266754627228
SMOKE detanet_original_uv 1250 0.39772072434425354 0.3725266754627228
SMOKE detanet_original_uv 1260 0.3729180097579956 0.3725266754627228
SMOKE detanet_original_uv 1270 0.3685654401779175 0.3685654401779175
SMOKE detanet_original_uv 1280 0.36344054341316223 0.36344054341316223
SMOKE detanet_original_uv 1290 0.36583957076072693 0.36344054341316223
SMOKE detanet_original_uv 1300 0.3883533179759979 0.36344054341316223
SMOKE detanet_original_uv 1310 0.37970173358917236 0.36344054341316223
SMOKE detanet_original_uv 1320 0.3630583584308624 0.3630583584308624
SMOKE detanet_original_uv 1330 0.355032354593277 0.355032354593277
SMOKE detanet_original_uv 1340 0.3571425676345825 0.355032354593277
SMOKE detanet_original_uv 1350 0.38631048798561096 0.355032354593277
SMOKE detanet_original_uv 1360 0.346832275390625 0.346832275390625
SMOKE detanet_original_uv 1370 0.3493330776691437 0.346832275390625
SMOKE detanet_original_uv 1380 0.3439647853374481 0.3439647853374481
SMOKE detanet_original_uv 1390 0.34218600392341614 0.34218600392341614
SMOKE detanet_original_uv 1400 0.3671351373195648 0.34218600392341614
SMOKE detanet_original_uv 1410 0.3512102961540222 0.34218600392341614
SMOKE detanet_original_uv 1420 0.3492884933948517 0.34218600392341614
SMOKE detanet_original_uv 1430 0.37873733043670654 0.34218600392341614
SMOKE detanet_original_uv 1440 0.3602522611618042 0.34218600392341614
SMOKE detanet_original_uv 1450 0.33894655108451843 0.33894655108451843
SMOKE detanet_original_uv 1460 0.333966463804245 0.333966463804245
SMOKE detanet_original_uv 1470 0.3294564187526703 0.3294564187526703
SMOKE detanet_original_uv 1480 0.336045503616333 0.3294564187526703
SMOKE detanet_original_uv 1490 0.3261158764362335 0.3261158764362335
SMOKE detanet_original_uv 1500 0.37003251910209656 0.3261158764362335
SMOKE detanet_original_uv 1510 0.3640897572040558 0.3261158764362335
SMOKE detanet_original_uv 1520 0.3317054808139801 0.3261158764362335
SMOKE detanet_original_uv 1530 0.31961187720298767 0.31961187720298767
SMOKE detanet_original_uv 1540 0.3166516423225403 0.3166516423225403
SMOKE detanet_original_uv 1550 0.31451481580734253 0.31451481580734253
SMOKE detanet_original_uv 1560 0.3180619776248932 0.31451481580734253
SMOKE detanet_original_uv 1570 0.33346715569496155 0.31451481580734253
SMOKE detanet_original_uv 1580 0.3186829388141632 0.31451481580734253
SMOKE detanet_original_uv 1590 0.30993786454200745 0.30993786454200745
SMOKE detanet_original_uv 1600 0.31876620650291443 0.30993786454200745
SMOKE detanet_original_uv 1610 0.33316829800605774 0.30993786454200745
SMOKE detanet_original_uv 1620 0.31362229585647583 0.30993786454200745
SMOKE detanet_original_uv 1630 0.30708712339401245 0.30708712339401245
SMOKE detanet_original_uv 1640 0.30267012119293213 0.30267012119293213
SMOKE detanet_original_uv 1650 0.30286842584609985 0.30267012119293213
SMOKE detanet_original_uv 1660 0.3199465870857239 0.30267012119293213
SMOKE detanet_original_uv 1670 0.30310121178627014 0.30267012119293213
SMOKE detanet_original_uv 1680 0.29660820960998535 0.29660820960998535
SMOKE detanet_original_uv 1690 0.29601672291755676 0.29601672291755676
SMOKE detanet_original_uv 1700 0.32052353024482727 0.29601672291755676
SMOKE detanet_original_uv 1710 0.3079698085784912 0.29601672291755676
SMOKE detanet_original_uv 1720 0.3065893352031708 0.29601672291755676
SMOKE detanet_original_uv 1730 0.29183268547058105 0.29183268547058105
SMOKE detanet_original_uv 1740 0.2914440333843231 0.2914440333843231
SMOKE detanet_original_uv 1750 0.290092408657074 0.290092408657074
SMOKE detanet_original_uv 1760 0.3292663097381592 0.290092408657074
SMOKE detanet_original_uv 1770 0.3045318126678467 0.290092408657074
SMOKE detanet_original_uv 1780 0.2927013039588928 0.290092408657074
SMOKE detanet_original_uv 1790 0.287771075963974 0.287771075963974
SMOKE detanet_original_uv 1800 0.28369230031967163 0.28369230031967163
SMOKE detanet_original_uv 1810 0.2836335599422455 0.2836335599422455
SMOKE detanet_original_uv 1820 0.31743133068084717 0.2836335599422455
SMOKE detanet_original_uv 1830 0.28557702898979187 0.2836335599422455
SMOKE detanet_original_uv 1840 0.2818966805934906 0.2818966805934906
SMOKE detanet_original_uv 1850 0.27812662720680237 0.27812662720680237
SMOKE detanet_original_uv 1860 0.27455317974090576 0.27455317974090576
SMOKE detanet_original_uv 1870 0.2732276916503906 0.2732276916503906
SMOKE detanet_original_uv 1880 0.2747577428817749 0.2732276916503906
SMOKE detanet_original_uv 1890 0.3205260634422302 0.2732276916503906
SMOKE detanet_original_uv 1900 0.30451807379722595 0.2732276916503906
SMOKE detanet_original_uv 1910 0.2765314280986786 0.2732276916503906
SMOKE detanet_original_uv 1920 0.27184972167015076 0.27184972167015076
SMOKE detanet_original_uv 1930 0.27089229226112366 0.27089229226112366
SMOKE detanet_original_uv 1940 0.27385973930358887 0.27089229226112366
SMOKE detanet_original_uv 1950 0.27127647399902344 0.27089229226112366
SMOKE detanet_original_uv 1960 0.27420926094055176 0.27089229226112366
SMOKE detanet_original_uv 1970 0.28459200263023376 0.27089229226112366
SMOKE detanet_original_uv 1980 0.26642414927482605 0.26642414927482605
SMOKE detanet_original_uv 1990 0.27077311277389526 0.26642414927482605
SMOKE detanet_original_uv 2000 0.2691771388053894 0.26642414927482605
SMOKE detanet_mto_planned 10 0.7091829180717468 0.7091829180717468
SMOKE detanet_mto_planned 20 0.5940101742744446 0.5940101742744446
SMOKE detanet_mto_planned 30 0.4838855266571045 0.4838855266571045
SMOKE detanet_mto_planned 40 0.44484567642211914 0.44484567642211914
SMOKE detanet_mto_planned 50 0.3727530241012573 0.3727530241012573
SMOKE detanet_mto_planned 60 0.33293795585632324 0.33293795585632324
SMOKE detanet_mto_planned 70 0.29517731070518494 0.29517731070518494
SMOKE detanet_mto_planned 80 0.2554500997066498 0.2554500997066498
SMOKE detanet_mto_planned 90 0.21420632302761078 0.21420632302761078
SMOKE detanet_mto_planned 100 0.21298174560070038 0.21298174560070038
SMOKE detanet_mto_planned 110 0.1857084333896637 0.1857084333896637
SMOKE detanet_mto_planned 120 0.16783028841018677 0.16783028841018677
SMOKE detanet_mto_planned 130 0.1504271924495697 0.1504271924495697
SMOKE detanet_mto_planned 140 0.16915743052959442 0.1504271924495697
SMOKE detanet_mto_planned 150 0.15155796706676483 0.1504271924495697
SMOKE detanet_mto_planned 160 0.12123896926641464 0.12123896926641464
SMOKE detanet_mto_planned 170 0.09824815392494202 0.09824815392494202
SMOKE detanet_mto_global_gate 10 0.708642840385437 0.708642840385437
SMOKE detanet_mto_global_gate 20 0.5581667423248291 0.5581667423248291
SMOKE detanet_mto_global_gate 30 0.45852428674697876 0.45852428674697876
SMOKE detanet_mto_global_gate 40 0.4713055491447449 0.45852428674697876
SMOKE detanet_mto_global_gate 50 0.40177977085113525 0.40177977085113525
SMOKE detanet_mto_global_gate 60 0.33871719241142273 0.33871719241142273
SMOKE detanet_mto_global_gate 70 0.2962486445903778 0.2962486445903778
SMOKE detanet_mto_global_gate 80 0.29507720470428467 0.29507720470428467
SMOKE detanet_mto_global_gate 90 0.27570629119873047 0.27570629119873047
SMOKE detanet_mto_global_gate 100 0.21337348222732544 0.21337348222732544
SMOKE detanet_mto_global_gate 110 0.18237628042697906 0.18237628042697906
SMOKE detanet_mto_global_gate 120 0.16069604456424713 0.16069604456424713
SMOKE detanet_mto_global_gate 130 0.15388944745063782 0.15388944745063782
SMOKE detanet_mto_global_gate 140 0.11697914451360703 0.11697914451360703
SMOKE detanet_mto_global_gate 150 0.09906617552042007 0.09906617552042007
CHECK_FAILED smoke Traceback (most recent call last):
  File "/data/run01/sczc698/xxy/MTO/experiments/detanet_original_mto_1k_20260920/preflight.py", line 214, in main
    try:fn()
  File "/data/run01/sczc698/xxy/MTO/experiments/detanet_original_mto_1k_20260920/preflight.py", line 213, in <lambda>
    ('smoke',lambda:smoke(cfg,data,info,'cuda'))]:
  File "/data/run01/sczc698/xxy/MTO/experiments/detanet_original_mto_1k_20260920/preflight.py", line 199, in smoke
    assert all(v['passed'] for v in results.values()),'32-molecule smoke gate failed; formal training forbidden'
AssertionError: 32-molecule smoke gate failed; formal training forbidden

Traceback (most recent call last):
  File "/data/run01/sczc698/xxy/MTO/experiments/detanet_original_mto_1k_20260920/preflight.py", line 225, in <module>
    try:main()
  File "/data/run01/sczc698/xxy/MTO/experiments/detanet_original_mto_1k_20260920/preflight.py", line 219, in main
    assert not failures,'Formal training blocked by '+','.join(failures)
AssertionError: Formal training blocked by smoke
