{
  "id": "round06_trace_control_1790827125422736538",
  "registered_at_utc": "2026-10-01T03:58:45.472238+00:00",
  "identity": {
    "pid": 1450628,
    "start_ticks": 1267479018,
    "uid": 1000,
    "cwd": "/home/inspur/MTO-1/research/single_model_20260929/round06_objective_preparation",
    "argv_sha256": "655691488b26c001c1212de5adc19cb953ac643e8773444c364cea6c6752918c",
    "boot_id": "793423dc-86b6-4fb9-9a9d-e74cfa8135a3",
    "process_state": "R"
  },
  "run_dir": "round06_objective_preparation/runs/trace_control",
  "gpu_uuid": "GPU-b22353bd-fc06-efd3-5819-cfd3e85b3800",
  "status_path": "round06_objective_preparation/runs/trace_control/status.json",
  "log_path": "round06_objective_preparation/runs/trace_control/attempts/round06_trace_control_1790827125422736538/train.log",
  "completion_path": "round06_objective_preparation/runs/trace_control/FIT_COMPLETE.json",
  "failure_path": "round06_objective_preparation/runs/trace_control/FAILED.json",
  "checkpoint_paths": [
    "round06_objective_preparation/runs/trace_control/last.pt",
    "round06_objective_preparation/runs/trace_control/best.pt"
  ],
  "stale_after_seconds": 28800,
  "monitor": true,
  "restart_policy": "coordinator_review_required"
}
