{
  "id": "v2_split_audit_repair01",
  "registered_at_utc": "2026-09-30T08:18:32.882654+00:00",
  "identity": {
    "pid": 1290108,
    "start_ticks": 1260397755,
    "uid": 1000,
    "cwd": "/home/inspur/MTO-1/research/single_model_20260929/dataset_audit_20260930",
    "argv_sha256": "838246e08a97e6b22a1f71adfa51d5b1034d3dd8320a26d38e96867a200dc574",
    "boot_id": "793423dc-86b6-4fb9-9a9d-e74cfa8135a3",
    "process_state": "S"
  },
  "run_dir": "dataset_audit_20260930/ops/audit_attempt_repair01",
  "resource_kind": "cpu",
  "gpu_uuid": null,
  "expected_gpu_allocations": 0,
  "environment_constraints": {
    "CUDA_VISIBLE_DEVICES": "",
    "OMP_NUM_THREADS": "2",
    "MKL_NUM_THREADS": "2"
  },
  "authorization_path": "dataset_audit_20260930/PRE_CORPUS_REVIEW.json",
  "authorization_sha256": "deb1cd16e42f4b566ca23877a10870bf730367f547f7d85f49c73f46db261b16",
  "status_path": "dataset_audit_20260930/ops/audit_attempt_repair01/status.json",
  "log_path": "dataset_audit_20260930/ops/audit_attempt_repair01/stage.log",
  "completion_path": "dataset_audit_20260930/ops/audit_attempt_repair01/COMPLETE.json",
  "failure_path": "dataset_audit_20260930/ops/audit_attempt_repair01/FAILED.json",
  "checkpoint_paths": [],
  "stale_after_seconds": 28800,
  "monitor": true,
  "restart_policy": "coordinator_review_required",
  "identity_role": "synchronous owned stage wrapper; child identities recorded in stage receipt"
}
