{
  "id": "round05_control_1790771316371909087",
  "registered_at_utc": "2026-09-30T12:28:36.420281+00:00",
  "identity": {
    "pid": 1328593,
    "start_ticks": 1261898113,
    "uid": 1000,
    "cwd": "/home/inspur/MTO-1/research/single_model_20260929/round05_scratch_preparation",
    "argv_sha256": "0484aff2dbfd16a8e2d8c80773d4fdec6ca2694b04b1916cabc43d932f72209c",
    "boot_id": "793423dc-86b6-4fb9-9a9d-e74cfa8135a3",
    "process_state": "R"
  },
  "run_dir": "round05_scratch_preparation/runs/control",
  "gpu_uuid": "GPU-b22353bd-fc06-efd3-5819-cfd3e85b3800",
  "status_path": "round05_scratch_preparation/runs/control/status.json",
  "log_path": "round05_scratch_preparation/runs/control/attempts/round05_control_1790771316371909087/train.log",
  "completion_path": "round05_scratch_preparation/runs/control/FIT_COMPLETE.json",
  "failure_path": "round05_scratch_preparation/runs/control/FAILED.json",
  "checkpoint_paths": [
    "round05_scratch_preparation/runs/control/last.pt",
    "round05_scratch_preparation/runs/control/best.pt"
  ],
  "stale_after_seconds": 28800,
  "monitor": true,
  "restart_policy": "coordinator_review_required"
}
