{
  "passed": true,
  "synthetic_only": true,
  "checks": [
    "valid_synthetic_binding_passes",
    "missing_authority_rejected",
    "reject_authority_authorized",
    "reject_authority_scope",
    "reject_authority_frozen_manifest_sha256",
    "reject_authority_split_manifest_sha256",
    "reject_authority_independent_split_verification_sha256",
    "reject_authority_epochs",
    "reject_authority_arms",
    "reject_authority_test_access",
    "reject_authority_historical_weights",
    "reject_authority_independent_review_sha256",
    "reject_authority_publication_receipt_sha256",
    "reject_publication_remote_verified",
    "reject_publication_download_before_stage_before_commit_push",
    "reject_publication_frozen_manifest_sha256",
    "reject_publication_independent_review_sha256",
    "changed_source_rejected",
    "review_closure_mismatch_rejected",
    "entry_rejects_before_scientific_imports_or_run_artifacts"
  ],
  "checks_count": 20,
  "real_data_or_model_access": false,
  "production_execution": false,
  "source_hashes": {
    "common.py": "50a1ef987cbc635b3b5692364281498e66587b112d5573c765fea360470038cd",
    "execution_gate.py": "4585431fc9289b93719a2de50bc63ccc84a4d6992586e6f3e09d40a388e48e9d",
    "train.py": "5d8fe3e9c6a30fdd942a89171169994d097f237bfa71105b9129e933017750c3",
    "independent_gate_checks.py": "fe5d5756cdd755da0e89d75fba67cc22d37d3fc8494541d5f8c4629905ea6926"
  }
}
