{
  "id": "round09_technical_preflight_retry01",
  "registered_at_utc": "2026-10-03T16:20:50.482345+00:00",
  "identity": {
    "pid": 1929399,
    "start_ticks": 1289211519,
    "uid": 1000,
    "cwd": "/home/inspur/MTO-1/research/single_model_20260929/round09_regularization_preparation",
    "argv_sha256": "39fa51adc791bc4cb880bc27e7625b9e5bfe50e482cff529bbfa74f7fba5cf03",
    "boot_id": "793423dc-86b6-4fb9-9a9d-e74cfa8135a3",
    "process_state": "S"
  },
  "run_dir": "round09_regularization_preparation/ops/gpu_preflight_attempt_retry01",
  "gpu_uuid": "GPU-e212aefc-f1d6-cc7a-5594-e87abeaf1184",
  "status_path": "round09_regularization_preparation/ops/gpu_preflight_attempt_retry01/status.json",
  "log_path": "round09_regularization_preparation/ops/gpu_preflight_attempt_retry01/stage.log",
  "completion_path": "round09_regularization_preparation/ops/gpu_preflight_attempt_retry01/COMPLETE.json",
  "failure_path": "round09_regularization_preparation/ops/gpu_preflight_attempt_retry01/FAILED.json",
  "checkpoint_paths": [],
  "stale_after_seconds": 28800,
  "monitor": true,
  "restart_policy": "coordinator_review_required"
}
