{
  "passed": true,
  "synthetic_only": true,
  "checks": [
    "valid_synthetic_binding_passes",
    "missing_authority_rejected",
    "reject_authority_authorized",
    "reject_authority_scope",
    "reject_authority_frozen_manifest_sha256",
    "reject_authority_split_manifest_sha256",
    "reject_authority_independent_split_verification_sha256",
    "reject_authority_epochs",
    "reject_authority_arms",
    "reject_authority_test_access",
    "reject_authority_historical_weights",
    "reject_authority_independent_review_sha256",
    "reject_authority_publication_receipt_sha256",
    "reject_reversed_arm_order",
    "reject_previous_round_scope",
    "reject_publication_remote_verified",
    "reject_publication_download_before_stage_before_commit_push",
    "reject_publication_frozen_manifest_sha256",
    "reject_publication_independent_review_sha256",
    "changed_source_rejected",
    "review_closure_mismatch_rejected",
    "entry_rejects_before_scientific_imports_or_run_artifacts"
  ],
  "checks_count": 22,
  "real_data_or_model_access": false,
  "production_execution": false,
  "optimizer_updates": 0,
  "source_hashes": {
    "common.py": "50a1ef987cbc635b3b5692364281498e66587b112d5573c765fea360470038cd",
    "execution_gate.py": "9a811f2e812fc5565d51d19fc80c96f799d5d0a945fedb6e47c475d2f9eb5a87",
    "train.py": "033aabea171b0fcdb12019ae8aaaaa89d4831ec9509727ac39b5391308acc894",
    "independent_gate_checks.py": "090ac449d245611157b55a3398dafd19a51b18dfaebdebf4b58e72cba6d71fff"
  }
}
