{
  "id": "round09_zero_decay_1791072527376721902",
  "registered_at_utc": "2026-10-04T00:08:47.423876+00:00",
  "identity": {
    "pid": 2004444,
    "start_ticks": 1292019213,
    "uid": 1000,
    "cwd": "/home/inspur/MTO-1/research/single_model_20260929/round09_regularization_preparation",
    "argv_sha256": "02573f69a92c7608ad554513f8f945c2cef2d6b1927bb42446386361d394e631",
    "boot_id": "793423dc-86b6-4fb9-9a9d-e74cfa8135a3",
    "process_state": "S"
  },
  "run_dir": "round09_regularization_preparation/runs/zero_decay",
  "gpu_uuid": "GPU-b22353bd-fc06-efd3-5819-cfd3e85b3800",
  "status_path": "round09_regularization_preparation/runs/zero_decay/status.json",
  "log_path": "round09_regularization_preparation/runs/zero_decay/attempts/round09_zero_decay_1791072527376721902/train.log",
  "completion_path": "round09_regularization_preparation/runs/zero_decay/FIT_COMPLETE.json",
  "failure_path": "round09_regularization_preparation/runs/zero_decay/FAILED.json",
  "checkpoint_paths": [
    "round09_regularization_preparation/runs/zero_decay/last.pt",
    "round09_regularization_preparation/runs/zero_decay/best.pt"
  ],
  "stale_after_seconds": 28800,
  "monitor": true,
  "restart_policy": "coordinator_review_required"
}
