{
  "passed": true,
  "synthetic_only": true,
  "checks": [
    "valid_synthetic_binding_passes",
    "missing_authority_rejected",
    "reject_authority_authorized",
    "reject_authority_scope",
    "reject_authority_frozen_manifest_sha256",
    "reject_authority_split_manifest_sha256",
    "reject_authority_independent_split_verification_sha256",
    "reject_authority_epochs",
    "reject_authority_arms",
    "reject_authority_test_access",
    "reject_authority_historical_weights",
    "reject_authority_independent_review_sha256",
    "reject_authority_publication_receipt_sha256",
    "reject_reversed_arm_order",
    "reject_previous_round_scope",
    "reject_publication_remote_verified",
    "reject_publication_download_before_stage_before_commit_push",
    "reject_publication_frozen_manifest_sha256",
    "reject_publication_independent_review_sha256",
    "changed_source_rejected",
    "review_closure_mismatch_rejected",
    "entry_rejects_before_scientific_imports_or_run_artifacts"
  ],
  "checks_count": 22,
  "real_data_or_model_access": false,
  "production_execution": false,
  "optimizer_updates": 0,
  "source_hashes": {
    "common.py": "50a1ef987cbc635b3b5692364281498e66587b112d5573c765fea360470038cd",
    "execution_gate.py": "e0e03333f9f31cbb48a8b59812d12a4f07ba49c032dca3d33e30796ea626829c",
    "train.py": "c63f5f3b1da7257ce217b19d28fe0c3df15e63a57a51770f75c370f1b9cc8877",
    "independent_gate_checks.py": "334accea8382ec5208459782cb73f59ecfba98afbf7f00e0399f4dda2352a26f"
  }
}
