{
  "id": "round05_technical_preflight",
  "registered_at_utc": "2026-09-30T08:56:33.242564+00:00",
  "identity": {
    "pid": 1298340,
    "start_ticks": 1260625795,
    "uid": 1000,
    "cwd": "/home/inspur/MTO-1/research/single_model_20260929/round05_scratch_preparation",
    "argv_sha256": "a8ffbd0715b7caf29d6f76650830c4f2a3c82197011605710b674bcea5b79599",
    "boot_id": "793423dc-86b6-4fb9-9a9d-e74cfa8135a3",
    "process_state": "R"
  },
  "run_dir": "round05_scratch_preparation/ops/gpu_preflight_attempt",
  "gpu_uuid": "GPU-b22353bd-fc06-efd3-5819-cfd3e85b3800",
  "status_path": "round05_scratch_preparation/ops/gpu_preflight_attempt/status.json",
  "log_path": "round05_scratch_preparation/ops/gpu_preflight_attempt/stage.log",
  "completion_path": "round05_scratch_preparation/ops/gpu_preflight_attempt/COMPLETE.json",
  "failure_path": "round05_scratch_preparation/ops/gpu_preflight_attempt/FAILED.json",
  "checkpoint_paths": [],
  "stale_after_seconds": 28800,
  "monitor": true,
  "restart_policy": "coordinator_review_required"
}
