{
  "trace": {
    "completed_epoch": 20,
    "selected_epoch": 2,
    "optimizer": "Adam_AMSGrad",
    "optimizer_parameter_tensors": 9,
    "optimizer_steps": 37620,
    "all_rng_components_present": true,
    "cache_receipt_sha256": "2cffa5004595395260ec0fec61b89271a49952d254b5756aa985d2c2830bb483",
    "full_history_preserved": true
  },
  "raw_f": {
    "completed_epoch": 20,
    "selected_epoch": 1,
    "optimizer": "Adam_AMSGrad",
    "optimizer_parameter_tensors": 9,
    "optimizer_steps": 37620,
    "all_rng_components_present": true,
    "cache_receipt_sha256": "2cffa5004595395260ec0fec61b89271a49952d254b5756aa985d2c2830bb483",
    "full_history_preserved": true
  }
}
