{
  "trace": {
    "best": {
      "epoch": 2,
      "r2": 0.4054078226314871,
      "replay_delta": -7.563338288996135e-09
    },
    "last": {
      "epoch": 20,
      "r2": 0.40312555086844115,
      "replay_delta": 8.565982589914256e-09
    }
  },
  "raw_f": {
    "best": {
      "epoch": 1,
      "r2": 0.40538753091250934,
      "replay_delta": 6.340049263364733e-09
    },
    "last": {
      "epoch": 20,
      "r2": 0.4021579835862098,
      "replay_delta": 3.810682547289446e-09
    }
  }
}
