{
  "id": "round09_coupled_l2_1791072527606971050",
  "registered_at_utc": "2026-10-04T00:08:47.655032+00:00",
  "identity": {
    "pid": 2004449,
    "start_ticks": 1292019237,
    "uid": 1000,
    "cwd": "/home/inspur/MTO-1/research/single_model_20260929/round09_regularization_preparation",
    "argv_sha256": "48fb13107c7b6ddcae7db7812f1ec96beeea620372eac4180e5391d6913d6afd",
    "boot_id": "793423dc-86b6-4fb9-9a9d-e74cfa8135a3",
    "process_state": "S"
  },
  "run_dir": "round09_regularization_preparation/runs/coupled_l2",
  "gpu_uuid": "GPU-cb4dc1ea-9ea3-e426-bdeb-df0bef8a23fa",
  "status_path": "round09_regularization_preparation/runs/coupled_l2/status.json",
  "log_path": "round09_regularization_preparation/runs/coupled_l2/attempts/round09_coupled_l2_1791072527606971050/train.log",
  "completion_path": "round09_regularization_preparation/runs/coupled_l2/FIT_COMPLETE.json",
  "failure_path": "round09_regularization_preparation/runs/coupled_l2/FAILED.json",
  "checkpoint_paths": [
    "round09_regularization_preparation/runs/coupled_l2/last.pt",
    "round09_regularization_preparation/runs/coupled_l2/best.pt"
  ],
  "stale_after_seconds": 28800,
  "monitor": true,
  "restart_policy": "coordinator_review_required"
}
