{
  "id": "round07_scalar_1790899311967426770",
  "registered_at_utc": "2026-10-02T00:01:52.015606+00:00",
  "identity": {
    "pid": 1591766,
    "start_ticks": 1274697673,
    "uid": 1000,
    "cwd": "/home/inspur/MTO-1/research/single_model_20260929/round07_congruence_preparation",
    "argv_sha256": "9d20af3cbb7d7e544aaf641d1fa67b1682e82e0d4cb750bf4d23ad3972ddec8d",
    "boot_id": "793423dc-86b6-4fb9-9a9d-e74cfa8135a3",
    "process_state": "R"
  },
  "run_dir": "round07_congruence_preparation/runs/scalar",
  "gpu_uuid": "GPU-cb4dc1ea-9ea3-e426-bdeb-df0bef8a23fa",
  "status_path": "round07_congruence_preparation/runs/scalar/status.json",
  "log_path": "round07_congruence_preparation/runs/scalar/attempts/round07_scalar_1790899311967426770/train.log",
  "completion_path": "round07_congruence_preparation/runs/scalar/FIT_COMPLETE.json",
  "failure_path": "round07_congruence_preparation/runs/scalar/FAILED.json",
  "checkpoint_paths": [
    "round07_congruence_preparation/runs/scalar/last.pt",
    "round07_congruence_preparation/runs/scalar/best.pt"
  ],
  "stale_after_seconds": 28800,
  "monitor": true,
  "restart_policy": "coordinator_review_required"
}
